Building for debugging...
[0/5] Write swift-version--1AB21518FC5DEDBE.txt
[2/12] Compiling OpenWorkNativeTests SessionStatusTests.swift
/Users/rami/Projects/openwork-native/Tests/OpenWorkNativeTests/AppStatePromptCycleTests.swift:2:8: error: no such module 'Testing'
  1 | import Foundation
  2 | import Testing
    |        `- error: no such module 'Testing'
  3 | @testable import OpenWorkNative
  4 | 
[3/12] Compiling OpenWorkNativeTests WorkspaceInventoryServiceTests.swift
/Users/rami/Projects/openwork-native/Tests/OpenWorkNativeTests/AppStatePromptCycleTests.swift:2:8: error: no such module 'Testing'
  1 | import Foundation
  2 | import Testing
    |        `- error: no such module 'Testing'
  3 | @testable import OpenWorkNative
  4 | 
[4/12] Compiling OpenWorkNativeTests SSEParserTests.swift
/Users/rami/Projects/openwork-native/Tests/OpenWorkNativeTests/AppStatePromptCycleTests.swift:2:8: error: no such module 'Testing'
  1 | import Foundation
  2 | import Testing
    |        `- error: no such module 'Testing'
  3 | @testable import OpenWorkNative
  4 | 
[5/12] Compiling OpenWorkNativeTests WorkspaceStoreTests.swift
/Users/rami/Projects/openwork-native/Tests/OpenWorkNativeTests/AppStatePromptCycleTests.swift:2:8: error: no such module 'Testing'
  1 | import Foundation
  2 | import Testing
    |        `- error: no such module 'Testing'
  3 | @testable import OpenWorkNative
  4 | 
error: emit-module command failed with exit code 1 (use -v to see invocation)
[6/12] Emitting module OpenWorkNativeTests
/Users/rami/Projects/openwork-native/Tests/OpenWorkNativeTests/AppStatePromptCycleTests.swift:2:8: error: no such module 'Testing'
  1 | import Foundation
  2 | import Testing
    |        `- error: no such module 'Testing'
  3 | @testable import OpenWorkNative
  4 | 
[7/12] Compiling OpenWorkNativeTests GitStatusServiceTests.swift
/Users/rami/Projects/openwork-native/Tests/OpenWorkNativeTests/AppStatePromptCycleTests.swift:2:8: error: no such module 'Testing'
  1 | import Foundation
  2 | import Testing
    |        `- error: no such module 'Testing'
  3 | @testable import OpenWorkNative
  4 | 
[8/12] Compiling OpenWorkNativeTests OpenCodeEventTests.swift
/Users/rami/Projects/openwork-native/Tests/OpenWorkNativeTests/AppStatePromptCycleTests.swift:2:8: error: no such module 'Testing'
  1 | import Foundation
  2 | import Testing
    |        `- error: no such module 'Testing'
  3 | @testable import OpenWorkNative
  4 | 
[9/12] Compiling OpenWorkNativeTests OpenCodeClientTests.swift
/Users/rami/Projects/openwork-native/Tests/OpenWorkNativeTests/AppStatePromptCycleTests.swift:2:8: error: no such module 'Testing'
  1 | import Foundation
  2 | import Testing
    |        `- error: no such module 'Testing'
  3 | @testable import OpenWorkNative
  4 | 
[10/12] Compiling OpenWorkNativeTests AppStatePromptCycleTests.swift
/Users/rami/Projects/openwork-native/Tests/OpenWorkNativeTests/AppStatePromptCycleTests.swift:2:8: error: no such module 'Testing'
  1 | import Foundation
  2 | import Testing
    |        `- error: no such module 'Testing'
  3 | @testable import OpenWorkNative
  4 | 
error: fatalError
